// Jest Snapshot v1, https://goo.gl/fbAQLP

exports[`pruebas para PrimeraApp.js debe de mostrar '<PriemeraApp />' correctamente 1`] = `
<Fragment>
  <h1>
    Hola, soy Goku!
  </h1>
  <p>
    Soy un subtitulo viteh
  </p>
</Fragment>
`;
